
> jobcloud01@0.1.0 build
> next build

   Γû▓ Next.js 15.5.20
   - Environments: .env

   Creating an optimized production build ...
 Γ£ô Compiled successfully in 3.6s
   Linting and checking validity of types ...

./src/app/(app)/skill-development/page.tsx
57:6  Warning: React Hook useEffect has a missing dependency: 'fetchResources'. Either include it or remove the dependency array.  react-hooks/exhaustive-deps

./src/app/api/health/onboarding/route.ts
35:12  Warning: 'error' is defined but never used.  @typescript-eslint/no-unused-vars
50:16  Warning: 'error' is defined but never used.  @typescript-eslint/no-unused-vars
60:12  Warning: 'error' is defined but never used.  @typescript-eslint/no-unused-vars
91:12  Warning: 'error' is defined but never used.  @typescript-eslint/no-unused-vars
121:9  Warning: 'totalTime' is assigned a value but never used.  @typescript-eslint/no-unused-vars

./src/app/api/mock-interview/history/route.ts
1:10  Warning: 'NextRequest' is defined but never used.  @typescript-eslint/no-unused-vars

./src/app/api/onboarding/assistant/route.ts
134:15  Warning: 'newSession' is assigned a value but never used.  @typescript-eslint/no-unused-vars

./src/app/api/skill-development/resources/route.ts
50:16  Warning: 'e' is defined but never used.  @typescript-eslint/no-unused-vars

./src/components/onboarding/OnboardingCvUploadForm.tsx
329:6  Warning: React Hook useCallback has a missing dependency: '_locale'. Either include it or remove the dependency array. If 'setCurrentQuestion' needs the current value of '_locale', you can also switch to useReducer instead of useState and read '_locale' in the reducer.  react-hooks/exhaustive-deps
400:6  Warning: React Hook useCallback has missing dependencies: 'appendOffTrackNudge' and 'isClearlyOffTrackAnswer'. Either include them or remove the dependency array.  react-hooks/exhaustive-deps

./src/lib/ai/assistant/services/interview-prep.ts
276:30  Warning: '_question' is defined but never used.  @typescript-eslint/no-unused-vars
294:54  Warning: '_question' is defined but never used.  @typescript-eslint/no-unused-vars
309:3  Warning: '_questions' is defined but never used.  @typescript-eslint/no-unused-vars
310:3  Warning: '_userProfile' is defined but never used.  @typescript-eslint/no-unused-vars

./src/lib/ai/assistant/system-prompt.ts
990:3  Warning: '_userPhase' is assigned a value but never used.  @typescript-eslint/no-unused-vars

./src/lib/interview/engine.ts
227:14  Warning: 'e' is defined but never used.  @typescript-eslint/no-unused-vars

./src/lib/interview/parse-gaps.ts
86:10  Warning: 'parseSkillGapsFromText' is defined but never used.  @typescript-eslint/no-unused-vars

./src/lib/interview/readiness-score.ts
211:3  Warning: '_userProfile' is defined but never used.  @typescript-eslint/no-unused-vars
266:52  Warning: '_gaps' is defined but never used.  @typescript-eslint/no-unused-vars

./src/lib/profile/completion-gate.ts
13:7  Warning: 'RECOMMENDED_FIELDS' is assigned a value but never used.  @typescript-eslint/no-unused-vars

info  - Need to disable some ESLint rules? Learn more here: https://nextjs.org/docs/app/api-reference/config/eslint#disabling-rules
   Collecting page data ...
   Generating static pages (0/39) ...
   Generating static pages (9/39) 
   Generating static pages (19/39) 
   Generating static pages (29/39) 
 Γ£ô Generating static pages (39/39)
   Finalizing page optimization ...
   Collecting build traces ...

Route (app)                                  Size  First Load JS
Γöî ╞Æ /                                       469 B         106 kB
Γö£ ╞Æ /_not-found                             998 B         103 kB
Γö£ ╞Æ /api/auth/[...nextauth]                 231 B         103 kB
Γö£ ╞Æ /api/auth/request-password-reset        231 B         103 kB
Γö£ ╞Æ /api/auth/reset-password                231 B         103 kB
Γö£ ╞Æ /api/auth/signup                        231 B         103 kB
Γö£ ╞Æ /api/auth/verify-email                  231 B         103 kB
Γö£ ╞Æ /api/cv/parse                           231 B         103 kB
Γö£ ╞Æ /api/guidance                           231 B         103 kB
Γö£ ╞Æ /api/health/onboarding                  231 B         103 kB
Γö£ ╞Æ /api/health/phase1                      231 B         103 kB
Γö£ ╞Æ /api/me/locale                          231 B         103 kB
Γö£ ╞Æ /api/mock-interview/end                 231 B         103 kB
Γö£ ╞Æ /api/mock-interview/history             231 B         103 kB
Γö£ ╞Æ /api/mock-interview/question            231 B         103 kB
Γö£ ╞Æ /api/mock-interview/start               231 B         103 kB
Γö£ ╞Æ /api/onboarding/assistant               231 B         103 kB
Γö£ ╞Æ /api/onboarding/confirm                 231 B         103 kB
Γö£ ╞Æ /api/onboarding/cv/extract              231 B         103 kB
Γö£ ╞Æ /api/onboarding/cv/test                 231 B         103 kB
Γö£ ╞Æ /api/onboarding/cv/upload               231 B         103 kB
Γö£ ╞Æ /api/onboarding/dataset                 231 B         103 kB
Γö£ ╞Æ /api/onboarding/eval                    231 B         103 kB
Γö£ ╞Æ /api/onboarding/history                 231 B         103 kB
Γö£ ╞Æ /api/onboarding/interactive             231 B         103 kB
Γö£ ╞Æ /api/onboarding/next-step               231 B         103 kB
Γö£ ╞Æ /api/onboarding/questions               231 B         103 kB
Γö£ ╞Æ /api/onboarding/resume                  231 B         103 kB
Γö£ ╞Æ /api/onboarding/skip                    231 B         103 kB
Γö£ ╞Æ /api/profile/chat/confirm               231 B         103 kB
Γö£ ╞Æ /api/profile/chat/interpret             231 B         103 kB
Γö£ ╞Æ /api/profile/history                    231 B         103 kB
Γö£ ╞Æ /api/profile/memory                     231 B         103 kB
Γö£ ╞Æ /api/profile/patch                      231 B         103 kB
Γö£ ╞Æ /api/profile/revert-last                231 B         103 kB
Γö£ ╞Æ /api/profile/summary                    231 B         103 kB
Γö£ ╞Æ /api/readiness/compare                  231 B         103 kB
Γö£ ╞Æ /api/skill-development/mark-complete    231 B         103 kB
Γö£ ╞Æ /api/skill-development/progress         231 B         103 kB
Γö£ ╞Æ /api/skill-development/resources        231 B         103 kB
Γö£ ╞Æ /career-guide                         2.75 kB         132 kB
Γö£ ╞Æ /dashboard                             2.5 kB         132 kB
Γö£ ╞Æ /dashboard/unavailable/[feature]        165 B         106 kB
Γö£ ╞Æ /forgot-password                        932 B         120 kB
Γö£ ╞Æ /login                                  927 B         125 kB
Γö£ ╞Æ /mock-interview                       1.45 kB         104 kB
Γö£ ╞Æ /onboarding                           44.4 kB         174 kB
Γö£ ╞Æ /profile/chat                           231 B         103 kB
Γö£ ╞Æ /profile/summary                      6.25 kB         136 kB
Γö£ ╞Æ /role-readiness                       1.41 kB         104 kB
Γö£ ╞Æ /signup                                 916 B         120 kB
Γöö ╞Æ /skill-development                    1.48 kB         104 kB
+ First Load JS shared by all              102 kB
  Γö£ chunks/1255-d90f22433f14e976.js       46.2 kB
  Γö£ chunks/4bd1b696-f785427dddbba9fb.js   54.2 kB
  Γöö other shared chunks (total)              2 kB


╞Æ Middleware                              34.3 kB

╞Æ  (Dynamic)  server-rendered on demand

